---
source: crates/ruff_linter/src/rules/ruff/mod.rs
---
RUF066 [*] `join` imported from `os.path` is not a module
 --> RUF066_stdlib.py:4:21
  |
3 | # Standard library symbol imports (violations when check_stdlib=true)
4 | from os.path import join  # RUF066 (with check_stdlib)
  |                     ^^^^
5 | # Fix: Removes this line and adds `import os.path` (not visible in minimal snapshot)
  |
help: Convert to module import and update references
1 | """Test fixtures for RUF066 stdlib checking"""
2 | 
3 | # Standard library symbol imports (violations when check_stdlib=true)
  - from os.path import join  # RUF066 (with check_stdlib)
4 | # Fix: Removes this line and adds `import os.path` (not visible in minimal snapshot)
5 | 
6 | from collections import defaultdict  # RUF066 (with check_stdlib)
note: This is an unsafe fix and may change runtime behavior

RUF066 [*] `defaultdict` imported from `collections` is not a module
 --> RUF066_stdlib.py:7:25
  |
5 | # Fix: Removes this line and adds `import os.path` (not visible in minimal snapshot)
6 |
7 | from collections import defaultdict  # RUF066 (with check_stdlib)
  |                         ^^^^^^^^^^^
8 | # Fix: Removes this line and adds `import collections`
  |
help: Convert to module import and update references
4  | from os.path import join  # RUF066 (with check_stdlib)
5  | # Fix: Removes this line and adds `import os.path` (not visible in minimal snapshot)
6  | 
   - from collections import defaultdict  # RUF066 (with check_stdlib)
7  + import collections
8  | # Fix: Removes this line and adds `import collections`
9  | 
10 | from json import loads  # RUF066 (with check_stdlib)
note: This is an unsafe fix and may change runtime behavior

RUF066 [*] `loads` imported from `json` is not a module
  --> RUF066_stdlib.py:10:18
   |
 8 | # Fix: Removes this line and adds `import collections`
 9 |
10 | from json import loads  # RUF066 (with check_stdlib)
   |                  ^^^^^
11 | # Fix: Removes this line and adds `import json`
   |
help: Convert to module import and update references
7  | from collections import defaultdict  # RUF066 (with check_stdlib)
8  | # Fix: Removes this line and adds `import collections`
9  | 
   - from json import loads  # RUF066 (with check_stdlib)
10 + import json
11 | # Fix: Removes this line and adds `import json`
12 | 
13 | # Python 3.9+ modules (violations when check_stdlib=true and py39+)
note: This is an unsafe fix and may change runtime behavior
